-- Automatically generated by SQLQueryTestSuite
-- Number of queries: 26


-- !query 0
describe function to_json
-- !query 0 schema
struct<function_desc:string>
-- !query 0 output
Class: org.apache.spark.sql.catalyst.expressions.StructsToJson
Function: to_json
Usage: to_json(expr[, options]) - Returns a json string with a given struct value


-- !query 1
describe function extended to_json
-- !query 1 schema
struct<function_desc:string>
-- !query 1 output
Class: org.apache.spark.sql.catalyst.expressions.StructsToJson
Extended Usage:
    Examples:
      > SELECT to_json(named_struct('a', 1, 'b', 2));
       {"a":1,"b":2}
      > SELECT to_json(named_struct('time', to_timestamp('2015-08-26', 'yyyy-MM-dd')), map('timestampFormat', 'dd/MM/yyyy'));
       {"time":"26/08/2015"}
      > SELECT to_json(array(named_struct('a', 1, 'b', 2)));
       [{"a":1,"b":2}]
      > SELECT to_json(map('a', named_struct('b', 1)));
       {"a":{"b":1}}
      > SELECT to_json(map(named_struct('a', 1),named_struct('b', 2)));
       {"[1]":{"b":2}}
      > SELECT to_json(map('a', 1));
       {"a":1}
      > SELECT to_json(array((map('a', 1))));
       [{"a":1}]
  
    Since: 2.2.0

Function: to_json
Usage: to_json(expr[, options]) - Returns a json string with a given struct value


-- !query 2
select to_json(named_struct('a', 1, 'b', 2))
-- !query 2 schema
struct<structstojson(named_struct(a, 1, b, 2)):string>
-- !query 2 output
{"a":1,"b":2}


-- !query 3
select to_json(named_struct('time', to_timestamp('2015-08-26', 'yyyy-MM-dd')), map('timestampFormat', 'dd/MM/yyyy'))
-- !query 3 schema
struct<structstojson(named_struct(time, to_timestamp('2015-08-26', 'yyyy-MM-dd'))):string>
-- !query 3 output
{"time":"26/08/2015"}


-- !query 4
select to_json(array(named_struct('a', 1, 'b', 2)))
-- !query 4 schema
struct<structstojson(array(named_struct(a, 1, b, 2))):string>
-- !query 4 output
[{"a":1,"b":2}]


-- !query 5
select to_json(map(named_struct('a', 1, 'b', 2), named_struct('a', 1, 'b', 2)))
-- !query 5 schema
struct<structstojson(map(named_struct(a, 1, b, 2), named_struct(a, 1, b, 2))):string>
-- !query 5 output
{"[1,2]":{"a":1,"b":2}}


-- !query 6
select to_json(map('a', named_struct('a', 1, 'b', 2)))
-- !query 6 schema
struct<structstojson(map(a, named_struct(a, 1, b, 2))):string>
-- !query 6 output
{"a":{"a":1,"b":2}}


-- !query 7
select to_json(map('a', 1))
-- !query 7 schema
struct<structstojson(map(a, 1)):string>
-- !query 7 output
{"a":1}


-- !query 8
select to_json(array(map('a',1)))
-- !query 8 schema
struct<structstojson(array(map(a, 1))):string>
-- !query 8 output
[{"a":1}]


-- !query 9
select to_json(array(map('a',1), map('b',2)))
-- !query 9 schema
struct<structstojson(array(map(a, 1), map(b, 2))):string>
-- !query 9 output
[{"a":1},{"b":2}]


-- !query 10
select to_json(named_struct('a', 1, 'b', 2), named_struct('mode', 'PERMISSIVE'))
-- !query 10 schema
struct<>
-- !query 10 output
org.apache.spark.sql.AnalysisException
Must use a map() function for options;; line 1 pos 7


-- !query 11
select to_json(named_struct('a', 1, 'b', 2), map('mode', 1))
-- !query 11 schema
struct<>
-- !query 11 output
org.apache.spark.sql.AnalysisException
A type of keys and values in map() must be string, but got MapType(StringType,IntegerType,false);; line 1 pos 7


-- !query 12
select to_json()
-- !query 12 schema
struct<>
-- !query 12 output
org.apache.spark.sql.AnalysisException
Invalid number of arguments for function to_json. Expected: one of 1 and 2; Found: 0; line 1 pos 7


-- !query 13
describe function from_json
-- !query 13 schema
struct<function_desc:string>
-- !query 13 output
Class: org.apache.spark.sql.catalyst.expressions.JsonToStructs
Function: from_json
Usage: from_json(jsonStr, schema[, options]) - Returns a struct value with the given `jsonStr` and `schema`.


-- !query 14
describe function extended from_json
-- !query 14 schema
struct<function_desc:string>
-- !query 14 output
Class: org.apache.spark.sql.catalyst.expressions.JsonToStructs
Extended Usage:
    Examples:
      > SELECT from_json('{"a":1, "b":0.8}', 'a INT, b DOUBLE');
       {"a":1, "b":0.8}
      > SELECT from_json('{"time":"26/08/2015"}', 'time Timestamp', map('timestampFormat', 'dd/MM/yyyy'));
       {"time":"2015-08-26 00:00:00.0"}
  
    Since: 2.2.0

Function: from_json
Usage: from_json(jsonStr, schema[, options]) - Returns a struct value with the given `jsonStr` and `schema`.


-- !query 15
select from_json('{"a":1}', 'a INT')
-- !query 15 schema
struct<jsontostructs({"a":1}):struct<a:int>>
-- !query 15 output
{"a":1}


-- !query 16
select from_json('{"time":"26/08/2015"}', 'time Timestamp', map('timestampFormat', 'dd/MM/yyyy'))
-- !query 16 schema
struct<jsontostructs({"time":"26/08/2015"}):struct<time:timestamp>>
-- !query 16 output
{"time":2015-08-26 00:00:00.0}


-- !query 17
select from_json('{"a":1}', 1)
-- !query 17 schema
struct<>
-- !query 17 output
org.apache.spark.sql.AnalysisException
Expected a string literal instead of 1;; line 1 pos 7


-- !query 18
select from_json('{"a":1}', 'a InvalidType')
-- !query 18 schema
struct<>
-- !query 18 output
org.apache.spark.sql.AnalysisException

DataType invalidtype is not supported.(line 1, pos 2)

== SQL ==
a InvalidType
--^^^
; line 1 pos 7


-- !query 19
select from_json('{"a":1}', 'a INT', named_struct('mode', 'PERMISSIVE'))
-- !query 19 schema
struct<>
-- !query 19 output
org.apache.spark.sql.AnalysisException
Must use a map() function for options;; line 1 pos 7


-- !query 20
select from_json('{"a":1}', 'a INT', map('mode', 1))
-- !query 20 schema
struct<>
-- !query 20 output
org.apache.spark.sql.AnalysisException
A type of keys and values in map() must be string, but got MapType(StringType,IntegerType,false);; line 1 pos 7


-- !query 21
select from_json()
-- !query 21 schema
struct<>
-- !query 21 output
org.apache.spark.sql.AnalysisException
Invalid number of arguments for function from_json. Expected: one of 2 and 3; Found: 0; line 1 pos 7


-- !query 22
SELECT json_tuple('{"a" : 1, "b" : 2}', CAST(NULL AS STRING), 'b', CAST(NULL AS STRING), 'a')
-- !query 22 schema
struct<c0:string,c1:string,c2:string,c3:string>
-- !query 22 output
NULL	2	NULL	1


-- !query 23
CREATE TEMPORARY VIEW jsonTable(jsonField, a) AS SELECT * FROM VALUES ('{"a": 1, "b": 2}', 'a')
-- !query 23 schema
struct<>
-- !query 23 output



-- !query 24
SELECT json_tuple(jsonField, 'b', CAST(NULL AS STRING), a) FROM jsonTable
-- !query 24 schema
struct<c0:string,c1:string,c2:string>
-- !query 24 output
2	NULL	1


-- !query 25
DROP VIEW IF EXISTS jsonTable
-- !query 25 schema
struct<>
-- !query 25 output

