-- Automatically generated by SQLQueryTestSuite
-- Number of queries: 11


-- !query 0
SELECT (col1 || col2 || col3) col
FROM (
  SELECT
    id col1,
    string(id + 1) col2,
    encode(string(id + 2), 'utf-8') col3
  FROM range(10)
)
-- !query 0 schema
struct<col:string>
-- !query 0 output
012
123
234
345
456
567
678
789
8910
91011


-- !query 1
SELECT ((col1 || col2) || (col3 || col4) || col5) col
FROM (
  SELECT
    'prefix_' col1,
    id col2,
    string(id + 1) col3,
    encode(string(id + 2), 'utf-8') col4,
    CAST(id AS DOUBLE) col5
  FROM range(10)
)
-- !query 1 schema
struct<col:string>
-- !query 1 output
prefix_0120.0
prefix_1231.0
prefix_2342.0
prefix_3453.0
prefix_4564.0
prefix_5675.0
prefix_6786.0
prefix_7897.0
prefix_89108.0
prefix_910119.0


-- !query 2
SELECT ((col1 || col2) || (col3 || col4)) col
FROM (
  SELECT
    string(id) col1,
    string(id + 1) col2,
    encode(string(id + 2), 'utf-8') col3,
    encode(string(id + 3), 'utf-8') col4
  FROM range(10)
)
-- !query 2 schema
struct<col:string>
-- !query 2 output
0123
1234
2345
3456
4567
5678
6789
78910
891011
9101112


-- !query 3
set spark.sql.function.concatBinaryAsString=true
-- !query 3 schema
struct<key:string,value:string>
-- !query 3 output
spark.sql.function.concatBinaryAsString	true


-- !query 4
SELECT (col1 || col2) col
FROM (
  SELECT
    encode(string(id), 'utf-8') col1,
    encode(string(id + 1), 'utf-8') col2
  FROM range(10)
)
-- !query 4 schema
struct<col:string>
-- !query 4 output
01
12
23
34
45
56
67
78
89
910


-- !query 5
SELECT (col1 || col2 || col3 || col4) col
FROM (
  SELECT
    encode(string(id), 'utf-8') col1,
    encode(string(id + 1), 'utf-8') col2,
    encode(string(id + 2), 'utf-8') col3,
    encode(string(id + 3), 'utf-8') col4
  FROM range(10)
)
-- !query 5 schema
struct<col:string>
-- !query 5 output
0123
1234
2345
3456
4567
5678
6789
78910
891011
9101112


-- !query 6
SELECT ((col1 || col2) || (col3 || col4)) col
FROM (
  SELECT
    encode(string(id), 'utf-8') col1,
    encode(string(id + 1), 'utf-8') col2,
    encode(string(id + 2), 'utf-8') col3,
    encode(string(id + 3), 'utf-8') col4
  FROM range(10)
)
-- !query 6 schema
struct<col:string>
-- !query 6 output
0123
1234
2345
3456
4567
5678
6789
78910
891011
9101112


-- !query 7
set spark.sql.function.concatBinaryAsString=false
-- !query 7 schema
struct<key:string,value:string>
-- !query 7 output
spark.sql.function.concatBinaryAsString	false


-- !query 8
SELECT (col1 || col2) col
FROM (
  SELECT
    encode(string(id), 'utf-8') col1,
    encode(string(id + 1), 'utf-8') col2
  FROM range(10)
)
-- !query 8 schema
struct<col:binary>
-- !query 8 output
01
12
23
34
45
56
67
78
89
910


-- !query 9
SELECT (col1 || col2 || col3 || col4) col
FROM (
  SELECT
    encode(string(id), 'utf-8') col1,
    encode(string(id + 1), 'utf-8') col2,
    encode(string(id + 2), 'utf-8') col3,
    encode(string(id + 3), 'utf-8') col4
  FROM range(10)
)
-- !query 9 schema
struct<col:binary>
-- !query 9 output
0123
1234
2345
3456
4567
5678
6789
78910
891011
9101112


-- !query 10
SELECT ((col1 || col2) || (col3 || col4)) col
FROM (
  SELECT
    encode(string(id), 'utf-8') col1,
    encode(string(id + 1), 'utf-8') col2,
    encode(string(id + 2), 'utf-8') col3,
    encode(string(id + 3), 'utf-8') col4
  FROM range(10)
)
-- !query 10 schema
struct<col:binary>
-- !query 10 output
0123
1234
2345
3456
4567
5678
6789
78910
891011
9101112
